time=2026-09-18T22:59:38.897-05:00 level=DEBUG msg="removing content due to role" pass=1 node="<span role=\"navigation\" id=\"__topdoc__\" .../>"
time=2026-09-18T22:59:38.897-05:00 level=DEBUG msg="removing unlikely candidate" pass=1 node="<section class=\"usa-banner\" ...>"
time=2026-09-18T22:59:38.898-05:00 level=DEBUG msg="removing element with no content" pass=1 node="<div id=\"beforeSkipLinks\" .../>"
time=2026-09-18T22:59:38.898-05:00 level=DEBUG msg="removing content due to role" pass=1 node="<div class=\"skip-links\" role=\"navigation\" ...>"
time=2026-09-18T22:59:38.898-05:00 level=DEBUG msg="removing unlikely candidate" pass=1 node="<div class=\"AnniversaryBanner\" id=\"anniversary_banner\" .../>"
time=2026-09-18T22:59:38.898-05:00 level=DEBUG msg="removing unlikely candidate" pass=1 node="<div class=\"PromoBanner\"/>"
time=2026-09-18T22:59:38.898-05:00 level=DEBUG msg="removing unlikely candidate" pass=1 node="<div class=\"GlobalHeader usaGlobalHeader\" role=\"banner\">"
time=2026-09-18T22:59:38.898-05:00 level=DEBUG msg="removing hidden element" pass=1 node="<div id=\"myModal\" class=\"modal refreshableModal\" ...>"
time=2026-09-18T22:59:38.898-05:00 level=DEBUG msg="removing unlikely candidate" pass=1 node="<div id=\"CS_Element_BannerContainer\" ...>"
time=2026-09-18T22:59:38.898-05:00 level=DEBUG msg="removing unlikely candidate" pass=1 node="<div class=\"nps-park-header bg-black text-white usa-dark-background\">"
time=2026-09-18T22:59:38.898-05:00 level=DEBUG msg="removing hidden element" pass=1 node="<div id=\"nps-park-alert-banner\" ...>"
time=2026-09-18T22:59:38.898-05:00 level=DEBUG msg="removing hidden element" pass=1 node="<div id=\"nps-park-alert-banner\" ...>"
time=2026-09-18T22:59:38.898-05:00 level=DEBUG msg="removing unlikely candidate" pass=1 node="<div class=\"modal-header\">"
time=2026-09-18T22:59:38.898-05:00 level=DEBUG msg="removing element with no content" pass=1 node="<div id=\"adminTools\"/>"
time=2026-09-18T22:59:38.898-05:00 level=DEBUG msg="removing hidden element" pass=1 node="<nav class=\"usa-breadcrumb\" ...>"
time=2026-09-18T22:59:38.898-05:00 level=DEBUG msg="removing heading that duplicates title" pass=1 title="Safety - Yellowstone National Park (U.S. National Park Service)" node="<h1 class=\"page-title\">Safety"
time=2026-09-18T22:59:38.898-05:00 level=DEBUG msg="removing element with no content" pass=1 node="<div id=\"cs_spacer_5960022\" class=\"CS_Layout_SpacingHeight\" ...>"
time=2026-09-18T22:59:38.898-05:00 level=DEBUG msg="removing hidden element" pass=1 node="<div class=\"modal fade VideoJSEmbedModal\" id=\"av_A6BC16DCAB3407ABB7851FCD7B17488BEmbedModal\" ...>"
time=2026-09-18T22:59:38.898-05:00 level=DEBUG msg="removing element with no content" pass=1 node="<div id=\"cs_spacer_8063291\" class=\"CS_Layout_SpacingHeight\" ...>"
time=2026-09-18T22:59:38.898-05:00 level=DEBUG msg="removing element with no content" pass=1 node="<div id=\"cs_spacer_8090396\" class=\"CS_Layout_SpacingHeight\" ...>"
time=2026-09-18T22:59:38.898-05:00 level=DEBUG msg="removing unlikely candidate" pass=1 node="<ul class=\"dropdown-menu\"/>"
time=2026-09-18T22:59:38.898-05:00 level=DEBUG msg="removing element with no content" pass=1 node="<div id=\"cs_spacer_8062532\" class=\"CS_Layout_SpacingHeight\" ...>"
time=2026-09-18T22:59:38.898-05:00 level=DEBUG msg="removing unlikely candidate" pass=1 node="<div class=\"accordion-list-header\">"
time=2026-09-18T22:59:38.898-05:00 level=DEBUG msg="removing hidden element" pass=1 node="<div id=\"body_8062534_2\" class=\"usa-accordion__content usa-prose\" ...>"
time=2026-09-18T22:59:38.898-05:00 level=DEBUG msg="removing hidden element" pass=1 node="<div id=\"body_8062535_3\" class=\"usa-accordion__content usa-prose\" ...>"
time=2026-09-18T22:59:38.898-05:00 level=DEBUG msg="removing hidden element" pass=1 node="<div id=\"body_8062536_4\" class=\"usa-accordion__content usa-prose\" ...>"
time=2026-09-18T22:59:38.898-05:00 level=DEBUG msg="removing hidden element" pass=1 node="<div id=\"body_8062537_5\" class=\"usa-accordion__content usa-prose\" ...>"
time=2026-09-18T22:59:38.898-05:00 level=DEBUG msg="removing hidden element" pass=1 node="<div id=\"body_8062539_6\" class=\"usa-accordion__content usa-prose\" ...>"
time=2026-09-18T22:59:38.898-05:00 level=DEBUG msg="removing element with no content" pass=1 node="<div id=\"cs_spacer_8062506\" class=\"CS_Layout_SpacingHeight\" ...>"
time=2026-09-18T22:59:38.898-05:00 level=DEBUG msg="removing unlikely candidate" pass=1 node="<div class=\"accordion-list-header\">"
time=2026-09-18T22:59:38.898-05:00 level=DEBUG msg="removing hidden element" pass=1 node="<div id=\"body_8062511_2\" class=\"usa-accordion__content usa-prose\" ...>"
time=2026-09-18T22:59:38.898-05:00 level=DEBUG msg="removing hidden element" pass=1 node="<div id=\"body_8062512_3\" class=\"usa-accordion__content usa-prose\" ...>"
time=2026-09-18T22:59:38.898-05:00 level=DEBUG msg="removing hidden element" pass=1 node="<div id=\"body_8062542_4\" class=\"usa-accordion__content usa-prose\" ...>"
time=2026-09-18T22:59:38.898-05:00 level=DEBUG msg="removing hidden element" pass=1 node="<div id=\"body_8063070_5\" class=\"usa-accordion__content usa-prose\" ...>"
time=2026-09-18T22:59:38.898-05:00 level=DEBUG msg="removing element with no content" pass=1 node="<div id=\"cs_spacer_8062519\" class=\"CS_Layout_SpacingHeight\" ...>"
time=2026-09-18T22:59:38.898-05:00 level=DEBUG msg="removing unlikely candidate" pass=1 node="<div class=\"accordion-list-header\">"
time=2026-09-18T22:59:38.898-05:00 level=DEBUG msg="removing hidden element" pass=1 node="<div id=\"body_8062521_2\" class=\"usa-accordion__content usa-prose\" ...>"
time=2026-09-18T22:59:38.898-05:00 level=DEBUG msg="removing hidden element" pass=1 node="<div id=\"body_8062522_3\" class=\"usa-accordion__content usa-prose\" ...>"
time=2026-09-18T22:59:38.898-05:00 level=DEBUG msg="removing hidden element" pass=1 node="<div id=\"body_8062523_4\" class=\"usa-accordion__content usa-prose\" ...>"
time=2026-09-18T22:59:38.898-05:00 level=DEBUG msg="removing hidden element" pass=1 node="<div id=\"body_8063102_5\" class=\"usa-accordion__content usa-prose\" ...>"
time=2026-09-18T22:59:38.898-05:00 level=DEBUG msg="removing hidden element" pass=1 node="<div id=\"body_8062524_6\" class=\"usa-accordion__content usa-prose\" ...>"
time=2026-09-18T22:59:38.898-05:00 level=DEBUG msg="removing hidden element" pass=1 node="<div id=\"body_8062525_7\" class=\"usa-accordion__content usa-prose\" ...>"
time=2026-09-18T22:59:38.898-05:00 level=DEBUG msg="removing hidden element" pass=1 node="<div id=\"body_8063133_8\" class=\"usa-accordion__content usa-prose\" ...>"
time=2026-09-18T22:59:38.898-05:00 level=DEBUG msg="removing element with no content" pass=1 node="<div id=\"cs_spacer_8062740\" class=\"CS_Layout_SpacingHeight\" ...>"
time=2026-09-18T22:59:38.898-05:00 level=DEBUG msg="removing unlikely candidate" pass=1 node="<div class=\"accordion-list-header\">"
time=2026-09-18T22:59:38.898-05:00 level=DEBUG msg="removing hidden element" pass=1 node="<div id=\"body_8062742_2\" class=\"usa-accordion__content usa-prose\" ...>"
time=2026-09-18T22:59:38.898-05:00 level=DEBUG msg="removing hidden element" pass=1 node="<div id=\"body_8062743_3\" class=\"usa-accordion__content usa-prose\" ...>"
time=2026-09-18T22:59:38.898-05:00 level=DEBUG msg="removing hidden element" pass=1 node="<div id=\"body_8062744_4\" class=\"usa-accordion__content usa-prose\" ...>"
time=2026-09-18T22:59:38.898-05:00 level=DEBUG msg="removing element with no content" pass=1 node="<div id=\"cs_spacer_8062817\" class=\"CS_Layout_SpacingHeight\" ...>"
time=2026-09-18T22:59:38.898-05:00 level=DEBUG msg="removing unlikely candidate" pass=1 node="<div class=\"accordion-list-header\">"
time=2026-09-18T22:59:38.898-05:00 level=DEBUG msg="removing hidden element" pass=1 node="<div id=\"body_8062819_2\" class=\"usa-accordion__content usa-prose\" ...>"
time=2026-09-18T22:59:38.898-05:00 level=DEBUG msg="removing hidden element" pass=1 node="<div id=\"body_8062820_3\" class=\"usa-accordion__content usa-prose\" ...>In an elk ch..."
time=2026-09-18T22:59:38.898-05:00 level=DEBUG msg="removing hidden element" pass=1 node="<div id=\"body_8062821_4\" class=\"usa-accordion__content usa-prose\" ...>"
time=2026-09-18T22:59:38.898-05:00 level=DEBUG msg="removing element with no content" pass=1 node="<div id=\"cs_spacer_8062862\" class=\"CS_Layout_SpacingHeight\" ...>"
time=2026-09-18T22:59:38.898-05:00 level=DEBUG msg="removing unlikely candidate" pass=1 node="<div class=\"accordion-list-header\">"
time=2026-09-18T22:59:38.898-05:00 level=DEBUG msg="removing hidden element" pass=1 node="<div id=\"body_8062864_2\" class=\"usa-accordion__content usa-prose\" ...>"
time=2026-09-18T22:59:38.898-05:00 level=DEBUG msg="removing hidden element" pass=1 node="<div id=\"body_8062865_3\" class=\"usa-accordion__content usa-prose\" ...>If you’re co..."
time=2026-09-18T22:59:38.898-05:00 level=DEBUG msg="removing hidden element" pass=1 node="<div id=\"body_8062866_4\" class=\"usa-accordion__content usa-prose\" ...>"
time=2026-09-18T22:59:38.898-05:00 level=DEBUG msg="removing hidden element" pass=1 node="<div id=\"body_8062920_5\" class=\"usa-accordion__content usa-prose\" ...>"
time=2026-09-18T22:59:38.898-05:00 level=DEBUG msg="removing element with no content" pass=1 node="<div id=\"cs_spacer_8063307\" class=\"CS_Layout_SpacingHeight\" ...>"
time=2026-09-18T22:59:38.898-05:00 level=DEBUG msg="removing unlikely candidate" pass=1 node="<div class=\"accordion-list-header\">"
time=2026-09-18T22:59:38.898-05:00 level=DEBUG msg="removing hidden element" pass=1 node="<div id=\"body_8063310_2\" class=\"usa-accordion__content usa-prose\" ...>The speed li..."
time=2026-09-18T22:59:38.898-05:00 level=DEBUG msg="removing hidden element" pass=1 node="<div id=\"body_8063309_3\" class=\"usa-accordion__content usa-prose\" ...>"
time=2026-09-18T22:59:38.898-05:00 level=DEBUG msg="removing element with no content" pass=1 node="<div id=\"cs_spacer_8063239\" class=\"CS_Layout_SpacingHeight\" ...>"
time=2026-09-18T22:59:38.898-05:00 level=DEBUG msg="removing unlikely candidate" pass=1 node="<div class=\"accordion-list-header\">"
time=2026-09-18T22:59:38.898-05:00 level=DEBUG msg="removing hidden element" pass=1 node="<div id=\"body_8063241_2\" class=\"usa-accordion__content usa-prose\" ...>"
time=2026-09-18T22:59:38.898-05:00 level=DEBUG msg="removing hidden element" pass=1 node="<div id=\"body_8063242_3\" class=\"usa-accordion__content usa-prose\" ...>"
time=2026-09-18T22:59:38.898-05:00 level=DEBUG msg="removing element with no content" pass=1 node="<div id=\"cs_spacer_8062944\" class=\"CS_Layout_SpacingHeight\" ...>"
time=2026-09-18T22:59:38.898-05:00 level=DEBUG msg="removing unlikely candidate" pass=1 node="<div class=\"accordion-list-header\">"
time=2026-09-18T22:59:38.898-05:00 level=DEBUG msg="removing hidden element" pass=1 node="<div id=\"body_8062946_2\" class=\"usa-accordion__content usa-prose\" ...>"
time=2026-09-18T22:59:38.898-05:00 level=DEBUG msg="removing hidden element" pass=1 node="<div id=\"body_8062947_3\" class=\"usa-accordion__content usa-prose\" ...>"
time=2026-09-18T22:59:38.898-05:00 level=DEBUG msg="removing hidden element" pass=1 node="<div id=\"body_8062949_4\" class=\"usa-accordion__content usa-prose\" ...>"
time=2026-09-18T22:59:38.898-05:00 level=DEBUG msg="removing hidden element" pass=1 node="<div id=\"body_8063019_5\" class=\"usa-accordion__content usa-prose\" ...>"
time=2026-09-18T22:59:38.898-05:00 level=DEBUG msg="removing hidden element" pass=1 node="<div id=\"body_8062948_6\" class=\"usa-accordion__content usa-prose\" ...>"
time=2026-09-18T22:59:38.898-05:00 level=DEBUG msg="removing hidden element" pass=1 node="<div id=\"body_8063082_7\" class=\"usa-accordion__content usa-prose\" ...>"
time=2026-09-18T22:59:38.898-05:00 level=DEBUG msg="removing unlikely candidate" pass=1 node="<div id=\"ParkFooter\" class=\"ParkFooter\">"
time=2026-09-18T22:59:38.898-05:00 level=DEBUG msg="removing unlikely candidate" pass=1 node="<footer id=\"GlobalFooter\" class=\"usa-footer\">"
time=2026-09-18T22:59:38.898-05:00 level=DEBUG msg="removing content due to role" pass=1 node="<div class=\"modal fade\" id=\"outdated-browser\" role=\"dialog\" ...>"
time=2026-09-18T22:59:38.898-05:00 level=DEBUG msg="scored candidate" pass=1 score=18.060233515582283 node="<tr class=\"CS_Layout_TR\">"
time=2026-09-18T22:59:38.898-05:00 level=DEBUG msg="scored candidate" pass=1 score=6.821883378895571 node=<tbody>
time=2026-09-18T22:59:38.898-05:00 level=DEBUG msg="scored candidate" pass=1 score=2.2210362493165663 node="<table id=\"cs_idLayout2\" class=\"CS_Layout_Table\" ...>"
time=2026-09-18T22:59:38.898-05:00 level=DEBUG msg="scored candidate" pass=1 score=6.240185675232367 node="<div id=\"cs_control_2\" class=\"cs_control CS_Element_Layout\">"
time=2026-09-18T22:59:38.898-05:00 level=DEBUG msg="scored candidate" pass=1 score=5.869997102241662 node="<div class=\"col-sm-12\">"
time=2026-09-18T22:59:38.898-05:00 level=DEBUG msg="scored candidate" pass=1 score=2 node="<aside class=\"fact-check\">"
time=2026-09-18T22:59:38.898-05:00 level=DEBUG msg="scored candidate" pass=1 score=6 node="<div id=\"cs_control_7738396\" class=\"cs_control CS_Element_Custom\">"
time=2026-09-18T22:59:38.898-05:00 level=DEBUG msg="scored candidate" pass=1 score=10.311498469108804 node="<td id=\"cs_idCell2x1x1\" class=\"CS_Layout_TD\">"
time=2026-09-18T22:59:38.898-05:00 level=DEBUG msg="scored candidate" pass=1 score=13.05263157894737 node="<div class=\"VideoHero-text\">"
time=2026-09-18T22:59:38.898-05:00 level=DEBUG msg="scored candidate" pass=1 score=2.7073170731707314 node="<div class=\"VideoHero-container\">"
time=2026-09-18T22:59:38.899-05:00 level=DEBUG msg="scored candidate" pass=1 score=2.4064890243902437 node="<div class=\"VideoHero\" ...>"
time=2026-09-18T22:59:38.899-05:00 level=DEBUG msg="scored candidate" pass=1 score=2.3563585365853656 node="<div id=\"cs_control_5960022\" class=\"cs_control CS_Element_Custom\">"
time=2026-09-18T22:59:38.899-05:00 level=DEBUG msg="scored candidate" pass=1 score=17 node="<div class=\"col-sm-6 col-md-8 col-lg-9\">"
time=2026-09-18T22:59:38.899-05:00 level=DEBUG msg="scored candidate" pass=1 score=10.012526096033403 node="<div class=\"row mb-5\">"
time=2026-09-18T22:59:38.899-05:00 level=DEBUG msg="scored candidate" pass=1 score=6.371607515657621 node="<div class=\"ImportantLinks\">"
time=2026-09-18T22:59:38.899-05:00 level=DEBUG msg="scored candidate" pass=1 score=5.764757411273487 node="<div id=\"cs_control_8063291\" class=\"cs_control CS_Element_Custom\">"
time=2026-09-18T22:59:38.899-05:00 level=DEBUG msg="scored candidate" pass=1 score=14 node="<div id=\"accordion8062532\" class=\"usa-accordion usa-accordion--bordered\">"
time=2026-09-18T22:59:38.899-05:00 level=DEBUG msg="scored candidate" pass=1 score=9.5 node="<div class=\"Component accordion-list-component\">"
time=2026-09-18T22:59:38.899-05:00 level=DEBUG msg="scored candidate" pass=1 score=6.4999 node="<div id=\"cs_control_8062532\" class=\"cs_control CS_Element_BulletedList\">"
time=2026-09-18T22:59:38.899-05:00 level=DEBUG msg="scored candidate" pass=1 score=7 node="<div id=\"accordion8062506\" class=\"usa-accordion usa-accordion--bordered\">"
time=2026-09-18T22:59:38.899-05:00 level=DEBUG msg="scored candidate" pass=1 score=6 node="<div class=\"Component accordion-list-component\">"
time=2026-09-18T22:59:38.899-05:00 level=DEBUG msg="scored candidate" pass=1 score=5.3333 node="<div id=\"cs_control_8062506\" class=\"cs_control CS_Element_BulletedList\">"
time=2026-09-18T22:59:38.899-05:00 level=DEBUG msg="scored candidate" pass=1 score=19 node="<div id=\"accordion8062519\" class=\"usa-accordion usa-accordion--bordered\">"
time=2026-09-18T22:59:38.899-05:00 level=DEBUG msg="scored candidate" pass=1 score=12 node="<div class=\"Component accordion-list-component\">"
time=2026-09-18T22:59:38.899-05:00 level=DEBUG msg="scored candidate" pass=1 score=7.3331 node="<div id=\"cs_control_8062519\" class=\"cs_control CS_Element_BulletedList\">"
time=2026-09-18T22:59:38.899-05:00 level=DEBUG msg="scored candidate" pass=1 score=11 node="<div id=\"accordion8062740\" class=\"usa-accordion usa-accordion--bordered\">"
time=2026-09-18T22:59:38.899-05:00 level=DEBUG msg="scored candidate" pass=1 score=8 node="<div class=\"Component accordion-list-component\">"
time=2026-09-18T22:59:38.899-05:00 level=DEBUG msg="scored candidate" pass=1 score=5.9999 node="<div id=\"cs_control_8062740\" class=\"cs_control CS_Element_BulletedList\">"
time=2026-09-18T22:59:38.899-05:00 level=DEBUG msg="scored candidate" pass=1 score=11 node="<div id=\"accordion8062817\" class=\"usa-accordion usa-accordion--bordered\">"
time=2026-09-18T22:59:38.899-05:00 level=DEBUG msg="scored candidate" pass=1 score=8 node="<div class=\"Component accordion-list-component\">"
time=2026-09-18T22:59:38.899-05:00 level=DEBUG msg="scored candidate" pass=1 score=5.9999 node="<div id=\"cs_control_8062817\" class=\"cs_control CS_Element_BulletedList\">"
time=2026-09-18T22:59:38.899-05:00 level=DEBUG msg="scored candidate" pass=1 score=11 node="<div id=\"accordion8062862\" class=\"usa-accordion usa-accordion--bordered\">"
time=2026-09-18T22:59:38.899-05:00 level=DEBUG msg="scored candidate" pass=1 score=8 node="<div class=\"Component accordion-list-component\">"
time=2026-09-18T22:59:38.899-05:00 level=DEBUG msg="scored candidate" pass=1 score=5.9999 node="<div id=\"cs_control_8062862\" class=\"cs_control CS_Element_BulletedList\">"
time=2026-09-18T22:59:38.899-05:00 level=DEBUG msg="scored candidate" pass=1 score=7 node="<div id=\"accordion8063239\" class=\"usa-accordion usa-accordion--bordered\">"
time=2026-09-18T22:59:38.899-05:00 level=DEBUG msg="scored candidate" pass=1 score=6 node="<div class=\"Component accordion-list-component\">"
time=2026-09-18T22:59:38.899-05:00 level=DEBUG msg="scored candidate" pass=1 score=5.3333 node="<div id=\"cs_control_8063239\" class=\"cs_control CS_Element_BulletedList\">"
time=2026-09-18T22:59:38.899-05:00 level=DEBUG msg="scored candidate" pass=1 score=17 node="<div id=\"accordion8062944\" class=\"usa-accordion usa-accordion--bordered\">"
time=2026-09-18T22:59:38.899-05:00 level=DEBUG msg="scored candidate" pass=1 score=11 node="<div class=\"Component accordion-list-component\">"
time=2026-09-18T22:59:38.899-05:00 level=DEBUG msg="scored candidate" pass=1 score=6.9998 node="<div id=\"cs_control_8062944\" class=\"cs_control CS_Element_BulletedList\">"
time=2026-09-18T22:59:38.899-05:00 level=DEBUG msg="scored candidate" pass=1 score=8 node="<div class=\"row\">"
time=2026-09-18T22:59:38.899-05:00 level=DEBUG msg="scored candidate" pass=1 score=31.5 node="<div class=\"ColumnMain col-sm-12\">"
time=2026-09-18T22:59:38.899-05:00 level=DEBUG msg="scored candidate" pass=1 score=5.5 node="<div class=\"ColumnGrid row\">"
time=2026-09-18T22:59:38.899-05:00 level=DEBUG msg="scored candidate" pass=1 score=5.3333 node="<div class=\"container\">"
time=2026-09-18T22:59:38.899-05:00 level=DEBUG msg="scored candidate" pass=1 score=52.6317985998923 node="<div id=\"main\" role=\"main\" class=\"MainContent\">"
time=2026-09-18T22:59:38.899-05:00 level=INFO msg="determined the content container" pass=1 score=52.6318 node="<div id=\"main\" role=\"main\" class=\"MainContent\">" xpath=html[1]/body[1]/div[2]
time=2026-09-18T22:59:38.899-05:00 level=DEBUG msg="discarding sibling to content container" node="<div id=\"cs_control_481716\" class=\"cs_control CS_Element_Schedule\"/>"
time=2026-09-18T22:59:38.899-05:00 level=DEBUG msg="discarding sibling to content container" node="<link href=\"/common/commonspot/templates/assets/libs/colorbox/colorbox.css\" rel=\"stylesheet\"/>"
time=2026-09-18T22:59:38.899-05:00 level=DEBUG msg="no useful content" pass=1 cleanConditionally="<div class=\"container\">"
time=2026-09-18T22:59:38.899-05:00 level=DEBUG msg="no useful content" pass=1 cleanConditionally="<div class=\"modal-content\">"
time=2026-09-18T22:59:38.899-05:00 level=DEBUG msg="no useful content" pass=1 cleanConditionally="<div class=\"modal-dialog\">"
time=2026-09-18T22:59:38.899-05:00 level=DEBUG msg="low class weight score" pass=1 cleanConditionally="<div class=\"modal fade\" id=\"modal-contact-us\" ...>" weight=-25
